C:\Users\vkumar15>cd "C:\Users\vkumar15\Desktop\test"

C:\Users\vkumar15\Desktop\test>git status
fatal: Not a git repository (or any of the parent directories): .git

C:\Users\vkumar15\Desktop\test>git init
Initialized empty Git repository in C:/Users/vkumar15/Desktop/test/.git/

C:\Users\vkumar15\Desktop\test>git status
On branch master

No commits yet

Untracked files:
  (use "git add <file>..." to include in what will be committed)

        a - Copy (2).txt
        a - Copy (3).txt
        a - Copy (4).txt
        a - Copy (5).txt
        a - Copy.txt
        a.txt
        data.xlsx
        doc.docx

nothing added to commit but untracked files present (use "git add" to track)

C:\Users\vkumar15\Desktop\test>git add .

C:\Users\vkumar15\Desktop\test>git status
On branch master

No commits yet

Changes to be committed:
  (use "git rm --cached <file>..." to unstage)

        new file:   a - Copy (2).txt
        new file:   a - Copy (3).txt
        new file:   a - Copy (4).txt
        new file:   a - Copy (5).txt
        new file:   a - Copy.txt
        new file:   a.txt
        new file:   data.xlsx
        new file:   doc.docx


C:\Users\vkumar15\Desktop\test>git status
On branch master

No commits yet

Changes to be committed:
  (use "git rm --cached <file>..." to unstage)

        new file:   a - Copy (2).txt
        new file:   a - Copy (3).txt
        new file:   a - Copy (4).txt
        new file:   a - Copy (5).txt
        new file:   a - Copy.txt
        new file:   a.txt
        new file:   data.xlsx
        new file:   doc.docx


C:\Users\vkumar15\Desktop\test>git reset doc.docx

C:\Users\vkumar15\Desktop\test>git status
On branch master

No commits yet

Changes to be committed:
  (use "git rm --cached <file>..." to unstage)

        new file:   a - Copy (2).txt
        new file:   a - Copy (3).txt
        new file:   a - Copy (4).txt
        new file:   a - Copy (5).txt
        new file:   a - Copy.txt
        new file:   a.txt
        new file:   data.xlsx

Untracked files:
  (use "git add <file>..." to include in what will be committed)

        doc.docx


C:\Users\vkumar15\Desktop\test>git reset a.txt

C:\Users\vkumar15\Desktop\test>git status
On branch master

No commits yet

Changes to be committed:
  (use "git rm --cached <file>..." to unstage)

        new file:   a - Copy (2).txt
        new file:   a - Copy (3).txt
        new file:   a - Copy (4).txt
        new file:   a - Copy (5).txt
        new file:   a - Copy.txt
        new file:   data.xlsx

Untracked files:
  (use "git add <file>..." to include in what will be committed)

        a.txt
        doc.docx


C:\Users\vkumar15\Desktop\test>git commit -m "init"
[master (root-commit) 72ef90e] init
 Committer: Kumar <vimlesh.kumar@optum.com>
Your name and email address were configured automatically based
on your username and hostname. Please check that they are accurate.
You can suppress this message by setting them explicitly:

    git config --global user.name "Your Name"
    git config --global user.email you@example.com

After doing this, you may fix the identity used for this commit with:

    git commit --amend --reset-author

 6 files changed, 0 insertions(+), 0 deletions(-)
 create mode 100644 a - Copy (2).txt
 create mode 100644 a - Copy (3).txt
 create mode 100644 a - Copy (4).txt
 create mode 100644 a - Copy (5).txt
 create mode 100644 a - Copy.txt
 create mode 100644 data.xlsx

C:\Users\vkumar15\Desktop\test>git status
On branch master
Untracked files:
  (use "git add <file>..." to include in what will be committed)

        a.txt
        doc.docx

nothing added to commit but untracked files present (use "git add" to track)

C:\Users\vkumar15\Desktop\test>git log
commit 72ef90e92fc6fa895f1a3ad85a08fe49b00c5d5c (HEAD -> master)
Author: Kumar <vimlesh.kumar@optum.com>
Date:   Tue Jan 28 16:50:02 2020 +0530

    init

C:\Users\vkumar15\Desktop\test>git status
On branch master
Changes not staged for commit:
  (use "git add <file>..." to update what will be committed)
  (use "git checkout -- <file>..." to discard changes in working directory)

        modified:   a - Copy.txt

Untracked files:
  (use "git add <file>..." to include in what will be committed)

        a.txt
        doc.docx

no changes added to commit (use "git add" and/or "git commit -a")

C:\Users\vkumar15\Desktop\test>git diff "a - copy.txt"

C:\Users\vkumar15\Desktop\test>git diff "a - Copy.txt"
diff --git a/a - Copy.txt b/a - Copy.txt
index e69de29..45b983b 100644
--- a/a - Copy.txt
+++ b/a - Copy.txt
@@ -0,0 +1 @@
+hi

C:\Users\vkumar15\Desktop\test>git add .

C:\Users\vkumar15\Desktop\test>git status
On branch master
Changes to be committed:
  (use "git reset HEAD <file>..." to unstage)

        modified:   a - Copy.txt
        new file:   a.txt
        new file:   doc.docx


C:\Users\vkumar15\Desktop\test>git reset a.txt

C:\Users\vkumar15\Desktop\test>git reset doc.docx

C:\Users\vkumar15\Desktop\test>git status
On branch master
Changes to be committed:
  (use "git reset HEAD <file>..." to unstage)

        modified:   a - Copy.txt

Untracked files:
  (use "git add <file>..." to include in what will be committed)

        a.txt
        doc.docx


C:\Users\vkumar15\Desktop\test>git comit -m "file is changed"
git: 'comit' is not a git command. See 'git --help'.

The most similar command is
        commit

C:\Users\vkumar15\Desktop\test>git commit -m "file is changed"
[master 5f59904] file is changed
 Committer: Kumar <vimlesh.kumar@optum.com>
Your name and email address were configured automatically based
on your username and hostname. Please check that they are accurate.
You can suppress this message by setting them explicitly:

    git config --global user.name "Your Name"
    git config --global user.email you@example.com

After doing this, you may fix the identity used for this commit with:

    git commit --amend --reset-author

 1 file changed, 1 insertion(+)

C:\Users\vkumar15\Desktop\test>git status
On branch master
Untracked files:
  (use "git add <file>..." to include in what will be committed)

        a.txt
        doc.docx

nothing added to commit but untracked files present (use "git add" to track)

C:\Users\vkumar15\Desktop\test>git branch
* master

C:\Users\vkumar15\Desktop\test>git branch dev

C:\Users\vkumar15\Desktop\test>git branch
  dev
* master

C:\Users\vkumar15\Desktop\test>git branch test

C:\Users\vkumar15\Desktop\test>git branch
  dev
* master
  test

C:\Users\vkumar15\Desktop\test>git checkout test
Switched to branch 'test'

C:\Users\vkumar15\Desktop\test>git branch
  dev
  master
* test

C:\Users\vkumar15\Desktop\test>git status
On branch test
Untracked files:
  (use "git add <file>..." to include in what will be committed)

        a.txt
        doc.docx

nothing added to commit but untracked files present (use "git add" to track)

C:\Users\vkumar15\Desktop\test>git add .

C:\Users\vkumar15\Desktop\test>git commit -m "test branch"
[test c4c28e8] test branch
 Committer: Kumar <vimlesh.kumar@optum.com>
Your name and email address were configured automatically based
on your username and hostname. Please check that they are accurate.
You can suppress this message by setting them explicitly:

    git config --global user.name "Your Name"
    git config --global user.email you@example.com

After doing this, you may fix the identity used for this commit with:

    git commit --amend --reset-author

 2 files changed, 0 insertions(+), 0 deletions(-)
 create mode 100644 a.txt
 create mode 100644 doc.docx

C:\Users\vkumar15\Desktop\test>git log
commit c4c28e839fa7812b26e2909c1285423551abbd11 (HEAD -> test)
Author: Kumar <vimlesh.kumar@optum.com>
Date:   Tue Jan 28 16:53:52 2020 +0530

    test branch

commit 5f5990449ac385f87629b10bde4a6937958bb005 (master, dev)
Author: Kumar <vimlesh.kumar@optum.com>
Date:   Tue Jan 28 16:52:10 2020 +0530

    file is changed

commit 72ef90e92fc6fa895f1a3ad85a08fe49b00c5d5c
Author: Kumar <vimlesh.kumar@optum.com>
Date:   Tue Jan 28 16:50:02 2020 +0530

    init

C:\Users\vkumar15\Desktop\test>git branch
  dev
  master
* test

C:\Users\vkumar15\Desktop\test>git checkout master
Switched to branch 'master'

C:\Users\vkumar15\Desktop\test>git branch
  dev
* master
  test

C:\Users\vkumar15\Desktop\test>git show
commit 5f5990449ac385f87629b10bde4a6937958bb005 (HEAD -> master, dev)
Author: Kumar <vimlesh.kumar@optum.com>
Date:   Tue Jan 28 16:52:10 2020 +0530

    file is changed

diff --git a/a - Copy.txt b/a - Copy.txt
index e69de29..45b983b 100644
--- a/a - Copy.txt
+++ b/a - Copy.txt
@@ -0,0 +1 @@
+hi

C:\Users\vkumar15\Desktop\test>git log
commit 5f5990449ac385f87629b10bde4a6937958bb005 (HEAD -> master, dev)
Author: Kumar <vimlesh.kumar@optum.com>
Date:   Tue Jan 28 16:52:10 2020 +0530

    file is changed

commit 72ef90e92fc6fa895f1a3ad85a08fe49b00c5d5c
Author: Kumar <vimlesh.kumar@optum.com>
Date:   Tue Jan 28 16:50:02 2020 +0530

    init

C:\Users\vkumar15\Desktop\test>git show 72ef90e92fc6fa895f1a3ad85a08fe49b00c5d5c
commit 72ef90e92fc6fa895f1a3ad85a08fe49b00c5d5c
Author: Kumar <vimlesh.kumar@optum.com>
Date:   Tue Jan 28 16:50:02 2020 +0530

    init

diff --git a/a - Copy (2).txt b/a - Copy (2).txt
new file mode 100644
index 0000000..e69de29
diff --git a/a - Copy (3).txt b/a - Copy (3).txt
new file mode 100644
index 0000000..e69de29
diff --git a/a - Copy (4).txt b/a - Copy (4).txt
new file mode 100644
index 0000000..e69de29
diff --git a/a - Copy (5).txt b/a - Copy (5).txt
new file mode 100644
index 0000000..e69de29
diff --git a/a - Copy.txt b/a - Copy.txt
new file mode 100644
index 0000000..e69de29
diff --git a/data.xlsx b/data.xlsx

C:\Users\vkumar15\Desktop\test>!
'!' is not recognized as an internal or external command,
operable program or batch file.

C:\Users\vkumar15\Desktop\test>git show --show-only 72ef90e92fc6fa895f1a3ad85a08fe49b00c5d5c
fatal: unrecognized argument: --show-only

C:\Users\vkumar15\Desktop\test>git show --name-only 72ef90e92fc6fa895f1a3ad85a08fe49b00c5d5c
commit 72ef90e92fc6fa895f1a3ad85a08fe49b00c5d5c
Author: Kumar <vimlesh.kumar@optum.com>
Date:   Tue Jan 28 16:50:02 2020 +0530

    init

a - Copy (2).txt
a - Copy (3).txt
a - Copy (4).txt
a - Copy (5).txt
a - Copy.txt
data.xlsx

C:\Users\vkumar15\Desktop\test>git show --name-only 72ef90e92fc6fa895f1a3ad85a08fe49b00c5d5c
commit 72ef90e92fc6fa895f1a3ad85a08fe49b00c5d5c
Author: Kumar <vimlesh.kumar@optum.com>
Date:   Tue Jan 28 16:50:02 2020 +0530

    init

a - Copy (2).txt
a - Copy (3).txt
a - Copy (4).txt
a - Copy (5).txt
a - Copy.txt
data.xlsx

C:\Users\vkumar15\Desktop\test>git log
commit 5f5990449ac385f87629b10bde4a6937958bb005 (HEAD -> master, dev)
Author: Kumar <vimlesh.kumar@optum.com>
Date:   Tue Jan 28 16:52:10 2020 +0530

    file is changed

commit 72ef90e92fc6fa895f1a3ad85a08fe49b00c5d5c
Author: Kumar <vimlesh.kumar@optum.com>
Date:   Tue Jan 28 16:50:02 2020 +0530

    init

C:\Users\vkumar15\Desktop\test>git show --name-only 5f5990449ac385f87629b10bde4a6937958bb005
commit 5f5990449ac385f87629b10bde4a6937958bb005 (HEAD -> master, dev)
Author: Kumar <vimlesh.kumar@optum.com>
Date:   Tue Jan 28 16:52:10 2020 +0530

    file is changed

a - Copy.txt

C:\Users\vkumar15\Desktop\test>git show --pretty --name-only 5f5990449ac385f87629b10bde4a6937958bb005
commit 5f5990449ac385f87629b10bde4a6937958bb005 (HEAD -> master, dev)
Author: Kumar <vimlesh.kumar@optum.com>
Date:   Tue Jan 28 16:52:10 2020 +0530

    file is changed

a - Copy.txt

C:\Users\vkumar15\Desktop\test>git show --pretty="" --name-only 5f5990449ac385f87629b10bde4a6937958bb005
a - Copy.txt

C:\Users\vkumar15\Desktop\test>git diff --name-only 72ef90e92fc6fa895f1a3ad85a08fe49b00c5d5c 5f5990449ac385f87629b10bde4a6937958bb005
a - Copy.txt

C:\Users\vkumar15\Desktop\test>dir
 Volume in drive C is OS
 Volume Serial Number is CCDC-83EA

 Directory of C:\Users\vkumar15\Desktop\test

01/28/2020  04:55 PM    <DIR>          .
01/28/2020  04:55 PM    <DIR>          ..
01/28/2020  04:48 PM                 0 a - Copy (2).txt
01/28/2020  04:48 PM                 0 a - Copy (3).txt
01/28/2020  04:48 PM                 0 a - Copy (4).txt
01/28/2020  04:48 PM                 0 a - Copy (5).txt
01/28/2020  04:50 PM                 4 a - Copy.txt
01/28/2020  04:48 PM             8,746 data.xlsx
               6 File(s)          8,750 bytes
               2 Dir(s)  24,135,131,136 bytes free

C:\Users\vkumar15\Desktop\test>git rm a.txt
fatal: pathspec 'a.txt' did not match any files

C:\Users\vkumar15\Desktop\test>git rm data.xlsx
rm 'data.xlsx'

C:\Users\vkumar15\Desktop\test>dir
 Volume in drive C is OS
 Volume Serial Number is CCDC-83EA

 Directory of C:\Users\vkumar15\Desktop\test

01/28/2020  05:00 PM    <DIR>          .
01/28/2020  05:00 PM    <DIR>          ..
01/28/2020  04:48 PM                 0 a - Copy (2).txt
01/28/2020  04:48 PM                 0 a - Copy (3).txt
01/28/2020  04:48 PM                 0 a - Copy (4).txt
01/28/2020  04:48 PM                 0 a - Copy (5).txt
01/28/2020  04:50 PM                 4 a - Copy.txt
               5 File(s)              4 bytes
               2 Dir(s)  24,135,114,752 bytes free

C:\Users\vkumar15\Desktop\test>git sattus
git: 'sattus' is not a git command. See 'git --help'.

The most similar command is
        status

C:\Users\vkumar15\Desktop\test>git status
On branch master
Changes to be committed:
  (use "git reset HEAD <file>..." to unstage)

        deleted:    data.xlsx


C:\Users\vkumar15\Desktop\test>git add .

C:\Users\vkumar15\Desktop\test>git status
On branch master
Changes to be committed:
  (use "git reset HEAD <file>..." to unstage)

        deleted:    data.xlsx


C:\Users\vkumar15\Desktop\test>git commit -m " delete"
[master 38fcaa1]  delete
 Committer: Kumar <vimlesh.kumar@optum.com>
Your name and email address were configured automatically based
on your username and hostname. Please check that they are accurate.
You can suppress this message by setting them explicitly:

    git config --global user.name "Your Name"
    git config --global user.email you@example.com

After doing this, you may fix the identity used for this commit with:

    git commit --amend --reset-author

 1 file changed, 0 insertions(+), 0 deletions(-)
 delete mode 100644 data.xlsx

C:\Users\vkumar15\Desktop\test>git status
On branch master
nothing to commit, working tree clean

C:\Users\vkumar15\Desktop\test>dir
 Volume in drive C is OS
 Volume Serial Number is CCDC-83EA

 Directory of C:\Users\vkumar15\Desktop\test

01/28/2020  05:00 PM    <DIR>          .
01/28/2020  05:00 PM    <DIR>          ..
01/28/2020  04:48 PM                 0 a - Copy (2).txt
01/28/2020  04:48 PM                 0 a - Copy (3).txt
01/28/2020  04:48 PM                 0 a - Copy (4).txt
01/28/2020  04:48 PM                 0 a - Copy (5).txt
01/28/2020  04:50 PM                 4 a - Copy.txt
               5 File(s)              4 bytes
               2 Dir(s)  24,135,114,752 bytes free

C:\Users\vkumar15\Desktop\test>git log
commit 38fcaa185a35926b53cfa13824bb3e3c153af915 (HEAD -> master)
Author: Kumar <vimlesh.kumar@optum.com>
Date:   Tue Jan 28 17:01:12 2020 +0530

     delete

commit 5f5990449ac385f87629b10bde4a6937958bb005 (dev)
Author: Kumar <vimlesh.kumar@optum.com>
Date:   Tue Jan 28 16:52:10 2020 +0530

    file is changed

commit 72ef90e92fc6fa895f1a3ad85a08fe49b00c5d5c
Author: Kumar <vimlesh.kumar@optum.com>
Date:   Tue Jan 28 16:50:02 2020 +0530

    init

C:\Users\vkumar15\Desktop\test>
C:\Users\vkumar15\Desktop\test>
